[2m2026-03-18T09:56:44.887683Z[0m [32m INFO[0m [2mm6_render::app[0m[2m:[0m m6-render started [3mroutes[0m[2m=[0m5 [3mthreads[0m[2m=[0m10 [3msocket[0m[2m=[0m/tmp/m6/m6-html.sock
[2m2026-03-18T09:57:21.070481Z[0m [31mERROR[0m [2mm6_render::app[0m[2m:[0m Template render error: rendering template templates/post.html
[2m2026-03-18T09:57:23.832213Z[0m [31mERROR[0m [2mm6_render::app[0m[2m:[0m Template render error: rendering template templates/post.html
[2m2026-03-18T10:09:36.644567Z[0m [32m INFO[0m [2mm6_render::app[0m[2m:[0m Shutdown signal received, draining...
[2m2026-03-18T10:09:43.053213Z[0m [32m INFO[0m [2mm6_render::app[0m[2m:[0m m6-render started [3mroutes[0m[2m=[0m5 [3mthreads[0m[2m=[0m10 [3msocket[0m[2m=[0m/tmp/m6/m6-html.sock
[2m2026-03-18T10:14:47.192571Z[0m [32m INFO[0m [2mm6_render::app[0m[2m:[0m Config change detected, reloading...
[2m2026-03-18T10:14:47.194836Z[0m [32m INFO[0m [2mm6_render::app[0m[2m:[0m Reload complete [3melapsed_ms[0m[2m=[0m2
[2m2026-03-18T10:14:47.194848Z[0m [32m INFO[0m [2mm6_render::app[0m[2m:[0m Config change detected, reloading...
[2m2026-03-18T10:14:47.195637Z[0m [32m INFO[0m [2mm6_render::app[0m[2m:[0m Reload complete [3melapsed_ms[0m[2m=[0m0
[2m2026-03-18T10:18:32.282618Z[0m [32m INFO[0m [2mm6_render::app[0m[2m:[0m Shutdown signal received, draining...
[2m2026-03-18T10:18:34.274899Z[0m [32m INFO[0m [2mm6_render::app[0m[2m:[0m m6-render started [3mroutes[0m[2m=[0m5 [3mthreads[0m[2m=[0m10 [3msocket[0m[2m=[0m/tmp/m6/m6-html.sock
[2m2026-03-18T20:54:20.527794Z[0m [32m INFO[0m [2mm6_render::app[0m[2m:[0m Shutdown signal received, draining...
[2m2026-03-18T20:54:20.527958Z[0m [32m INFO[0m [2mm6_render::app[0m[2m:[0m Clean shutdown
[2m2026-03-18T20:54:27.288202Z[0m [32m INFO[0m [2mm6_render::app[0m[2m:[0m m6-render started [3mroutes[0m[2m=[0m5 [3mthreads[0m[2m=[0m10 [3msocket[0m[2m=[0m/tmp/m6/m6-html.sock
[2m2026-03-18T21:17:05.564070Z[0m [32m INFO[0m [2mm6_render::app[0m[2m:[0m Shutdown signal received, draining...
[2m2026-03-18T21:17:07.890609Z[0m [32m INFO[0m [2mm6_render::app[0m[2m:[0m m6-render started [3mroutes[0m[2m=[0m5 [3mthreads[0m[2m=[0m10 [3msocket[0m[2m=[0m/tmp/m6/m6-html.sock
[2m2026-03-18T21:19:06.632275Z[0m [32m INFO[0m [2mm6_render::app[0m[2m:[0m Shutdown signal received, draining...
[2m2026-03-18T21:19:06.632306Z[0m [32m INFO[0m [2mm6_render::app[0m[2m:[0m Clean shutdown
[2m2026-03-18T21:19:08.543111Z[0m [32m INFO[0m [2mm6_render::app[0m[2m:[0m m6-render started [3mroutes[0m[2m=[0m5 [3mthreads[0m[2m=[0m10 [3msocket[0m[2m=[0m/tmp/m6/m6-html.sock
[2m2026-03-18T22:22:42.624611Z[0m [32m INFO[0m [2mm6_render::app[0m[2m:[0m Shutdown signal received, draining...
[2m2026-03-18T22:22:44.768711Z[0m [32m INFO[0m [2mm6_render::app[0m[2m:[0m m6-render started [3mroutes[0m[2m=[0m5 [3mthreads[0m[2m=[0m10 [3msocket[0m[2m=[0m/tmp/m6/m6-html.sock
[2m2026-03-18T22:41:19.937146Z[0m [32m INFO[0m [2mm6_render::app[0m[2m:[0m Shutdown signal received, draining...
[2m2026-03-18T22:41:19.937298Z[0m [32m INFO[0m [2mm6_render::app[0m[2m:[0m Clean shutdown
[2m2026-03-18T22:41:23.775286Z[0m [32m INFO[0m [2mm6_render::app[0m[2m:[0m m6-render started [3mroutes[0m[2m=[0m5 [3mthreads[0m[2m=[0m10 [3msocket[0m[2m=[0m/tmp/m6/m6-html.sock
[2m2026-03-18T22:47:40.798711Z[0m [32m INFO[0m [2mm6_render::app[0m[2m:[0m Shutdown signal received, draining...
[2m2026-03-18T22:47:40.798788Z[0m [32m INFO[0m [2mm6_render::app[0m[2m:[0m Clean shutdown
[2m2026-03-18T22:47:43.163715Z[0m [32m INFO[0m [2mm6_render::app[0m[2m:[0m m6-render started [3mroutes[0m[2m=[0m5 [3mthreads[0m[2m=[0m10 [3msocket[0m[2m=[0m/tmp/m6/m6-html.sock
[2m2026-03-18T22:54:56.975499Z[0m [32m INFO[0m [2mm6_render::app[0m[2m:[0m Shutdown signal received, draining...
[2m2026-03-18T22:54:56.975563Z[0m [32m INFO[0m [2mm6_render::app[0m[2m:[0m Clean shutdown
[2m2026-03-18T22:54:59.963098Z[0m [32m INFO[0m [2mm6_render::app[0m[2m:[0m m6-render started [3mroutes[0m[2m=[0m5 [3mthreads[0m[2m=[0m10 [3msocket[0m[2m=[0m/tmp/m6/m6-html.sock
[2m2026-03-18T22:57:07.941300Z[0m [32m INFO[0m [2mm6_render::app[0m[2m:[0m Shutdown signal received, draining...
[2m2026-03-18T22:57:07.941349Z[0m [32m INFO[0m [2mm6_render::app[0m[2m:[0m Clean shutdown
[2m2026-03-18T22:57:09.570040Z[0m [32m INFO[0m [2mm6_render::app[0m[2m:[0m m6-render started [3mroutes[0m[2m=[0m5 [3mthreads[0m[2m=[0m10 [3msocket[0m[2m=[0m/tmp/m6/m6-html.sock
[2m2026-03-18T23:00:30.220939Z[0m [32m INFO[0m [2mm6_render::app[0m[2m:[0m Shutdown signal received, draining...
[2m2026-03-18T23:00:30.221005Z[0m [32m INFO[0m [2mm6_render::app[0m[2m:[0m Clean shutdown
[2m2026-03-18T23:00:32.261099Z[0m [32m INFO[0m [2mm6_render::app[0m[2m:[0m m6-render started [3mroutes[0m[2m=[0m5 [3mthreads[0m[2m=[0m10 [3msocket[0m[2m=[0m/tmp/m6/m6-html.sock
[2m2026-03-18T23:13:22.446444Z[0m [32m INFO[0m [2mm6_render::app[0m[2m:[0m Config change detected, reloading...
[2m2026-03-18T23:13:22.451736Z[0m [32m INFO[0m [2mm6_render::app[0m[2m:[0m Reload complete [3melapsed_ms[0m[2m=[0m5
[2m2026-03-18T23:13:22.451793Z[0m [32m INFO[0m [2mm6_render::app[0m[2m:[0m Config change detected, reloading...
[2m2026-03-18T23:13:22.453892Z[0m [32m INFO[0m [2mm6_render::app[0m[2m:[0m Reload complete [3melapsed_ms[0m[2m=[0m2
[2m2026-03-18T23:24:30.156259Z[0m [32m INFO[0m [2mm6_render::app[0m[2m:[0m Shutdown signal received, draining...
[2m2026-03-18T23:24:32.416261Z[0m [32m INFO[0m [2mm6_render::app[0m[2m:[0m m6-render started [3mroutes[0m[2m=[0m5 [3mthreads[0m[2m=[0m10 [3msocket[0m[2m=[0m/tmp/m6/m6-html.sock
[2m2026-03-18T23:37:08.174113Z[0m [32m INFO[0m [2mm6_render::app[0m[2m:[0m Shutdown signal received, draining...
[2m2026-03-18T23:37:14.646394Z[0m [32m INFO[0m [2mm6_render::app[0m[2m:[0m m6-render started [3mroutes[0m[2m=[0m5 [3mthreads[0m[2m=[0m10 [3msocket[0m[2m=[0m/tmp/m6/m6-html.sock
[2m2026-03-18T23:41:42.247636Z[0m [32m INFO[0m [2mm6_render::app[0m[2m:[0m Shutdown signal received, draining...
[2m2026-03-18T23:41:44.353003Z[0m [32m INFO[0m [2mm6_render::app[0m[2m:[0m m6-render started [3mroutes[0m[2m=[0m5 [3mthreads[0m[2m=[0m10 [3msocket[0m[2m=[0m/tmp/m6/m6-html.sock
[2m2026-03-18T23:48:06.222569Z[0m [32m INFO[0m [2mm6_render::app[0m[2m:[0m Shutdown signal received, draining...
[2m2026-03-18T23:48:12.898200Z[0m [32m INFO[0m [2mm6_render::app[0m[2m:[0m m6-render started [3mroutes[0m[2m=[0m5 [3mthreads[0m[2m=[0m10 [3msocket[0m[2m=[0m/tmp/m6/m6-html.sock
[2m2026-03-18T23:49:14.561690Z[0m [32m INFO[0m [2mm6_render::app[0m[2m:[0m Config change detected, reloading...
[2m2026-03-18T23:49:14.567644Z[0m [32m INFO[0m [2mm6_render::app[0m[2m:[0m Reload complete [3melapsed_ms[0m[2m=[0m5
[2m2026-03-18T23:49:14.567686Z[0m [32m INFO[0m [2mm6_render::app[0m[2m:[0m Config change detected, reloading...
[2m2026-03-18T23:49:14.569219Z[0m [32m INFO[0m [2mm6_render::app[0m[2m:[0m Reload complete [3melapsed_ms[0m[2m=[0m1
[2m2026-03-19T00:17:51.886842Z[0m [32m INFO[0m [2mm6_render::app[0m[2m:[0m Shutdown signal received, draining...
[2m2026-03-19T00:17:51.886899Z[0m [32m INFO[0m [2mm6_render::app[0m[2m:[0m Clean shutdown
[2m2026-03-19T06:26:55.883579Z[0m [32m INFO[0m [2mm6_render::app[0m[2m:[0m m6-render started [3mroutes[0m[2m=[0m5 [3mthreads[0m[2m=[0m10 [3msocket[0m[2m=[0m/tmp/m6/m6-html.sock
[2m2026-03-19T06:36:10.813889Z[0m [32m INFO[0m [2mm6_render::app[0m[2m:[0m Shutdown signal received, draining...
[2m2026-03-19T06:36:10.813927Z[0m [32m INFO[0m [2mm6_render::app[0m[2m:[0m Clean shutdown
[2m2026-03-19T06:50:47.187591Z[0m [32m INFO[0m [2mm6_render::app[0m[2m:[0m m6-render started [3mroutes[0m[2m=[0m5 [3mthreads[0m[2m=[0m10 [3msocket[0m[2m=[0m/tmp/m6/m6-html.sock
[2m2026-03-19T06:51:06.797194Z[0m [32m INFO[0m [2mm6_render::app[0m[2m:[0m Shutdown signal received, draining...
[2m2026-03-19T06:51:06.797219Z[0m [32m INFO[0m [2mm6_render::app[0m[2m:[0m Clean shutdown
[2m2026-03-19T09:33:12.217492Z[0m [32m INFO[0m [2mm6_render::app[0m[2m:[0m m6-render started [3mroutes[0m[2m=[0m5 [3mthreads[0m[2m=[0m10 [3msocket[0m[2m=[0m/tmp/m6/m6-html.sock
[2m2026-03-19T09:42:26.283026Z[0m [32m INFO[0m [2mm6_render::app[0m[2m:[0m Shutdown signal received, draining...
[2m2026-03-19T09:42:26.283099Z[0m [32m INFO[0m [2mm6_render::app[0m[2m:[0m Clean shutdown
